  Building Custom Rule C:/Users/Gosh_/Desktop/Programming/Projects/C++/Raylib/BulletFun/CMakeLists.txt
  main.cpp
  player.cpp
  enemy.cpp
  enemySpawner.cpp
  bullet.cpp
  archer.cpp
  grunt.cpp
  slime.cpp
  abilityManager.cpp
  background.cpp
  characterSelection.cpp
  auraDmg.cpp
  fireBreath.cpp
  rotatingBalls.cpp
  blizzard.cpp
  levelUp.cpp
C:\Program Files\Microsoft Visual Studio\2022\Community\VC\Tools\MSVC\14.43.34808\include\__msvc_ostream.hpp(781,9): warning C4530: C++ exception handler used, but unwind semantics are not enabled. Specify /EHsc
  (compiling source file 'src/blizzard.cpp')
      C:\Program Files\Microsoft Visual Studio\2022\Community\VC\Tools\MSVC\14.43.34808\include\__msvc_ostream.hpp(781,9):
      the template instantiation context (the oldest one first) is
          C:\Users\Gosh_\Desktop\Programming\Projects\C++\Raylib\BulletFun\src\blizzard.cpp(21,19):
          see reference to function template instantiation 'std::basic_ostream<char,std::char_traits<char>> &std::operator <<<std::char_traits<char>>(std::basic_ostream<char,std::char_traits<char>> &,const char *)' being compiled
  
  powerup.cpp
  skillBar.cpp
  skillPickup.cpp
C:\Program Files\Microsoft Visual Studio\2022\Community\VC\Tools\MSVC\14.43.34808\include\memory(3594,56): warning C4244: 'argument': conversion from '_Ty' to 'float', possible loss of data
C:\Program Files\Microsoft Visual Studio\2022\Community\VC\Tools\MSVC\14.43.34808\include\memory(3594,56): warning C4244:         with
C:\Program Files\Microsoft Visual Studio\2022\Community\VC\Tools\MSVC\14.43.34808\include\memory(3594,56): warning C4244:         [
C:\Program Files\Microsoft Visual Studio\2022\Community\VC\Tools\MSVC\14.43.34808\include\memory(3594,56): warning C4244:             _Ty=int
C:\Program Files\Microsoft Visual Studio\2022\Community\VC\Tools\MSVC\14.43.34808\include\memory(3594,56): warning C4244:         ]
  (compiling source file 'src/skillPickup.cpp')
      C:\Program Files\Microsoft Visual Studio\2022\Community\VC\Tools\MSVC\14.43.34808\include\memory(3594,56):
      the template instantiation context (the oldest one first) is
          C:\Users\Gosh_\Desktop\Programming\Projects\C++\Raylib\BulletFun\src\skillPickup.cpp(42,40):
          see reference to function template instantiation 'std::unique_ptr<RotatingBalls,std::default_delete<RotatingBalls>> std::make_unique<RotatingBalls,float,int,float,int,int,Color,0>(float &&,int &&,float &&,int &&,int &&,Color &&)' being compiled
  
  slash.cpp
  Generating Code...
  Compiling...
  terrainCollisionDetection.cpp
  rlImGui.cpp
  imgui.cpp
  imgui_widgets.cpp
  imgui_draw.cpp
  imgui_tables.cpp
  imgui_demo.cpp
  inGameMenu.cpp
  Generating Code...
  BulletFun.vcxproj -> C:\Users\Gosh_\Desktop\Programming\Projects\C++\Raylib\BulletFun\Debug\BulletFun.exe
